🌉 SpiralBridge Flask Server
========================================
🚀 Starting web server...
🌐 Server will be available at: http://localhost:5001
📡 API endpoints:
   • POST /scrape - Scrape AI conversation URLs (legacy)
   • POST /extract - Enhanced conversation extraction with chunking
   • POST /chunk - Chunk conversation content into manageable pieces
   • POST /save - Save content to memory system
   • GET /stats - Get memory system statistics
   • GET /search - Search stored memories
   • GET /health - Health check
========================================
 * Serving Flask app 'app'
 * Debug mode: on
[31m[1mWARNING: This is a development server. Do not use it in a production deployment. Use a production WSGI server instead.[0m
 * Running on all addresses (0.0.0.0)
 * Running on http://127.0.0.1:5001
 * Running on http://192.168.1.206:5001
[33mPress CTRL+C to quit[0m
 * Restarting with stat
 * Debugger is active!
 * Debugger PIN: 118-729-644
/Users/vaquez/.pyenv/versions/3.10.12/lib/python3.10/multiprocessing/resource_tracker.py:224: UserWarning: resource_tracker: There appear to be 1 leaked semaphore objects to clean up at shutdown
  warnings.warn('resource_tracker: There appear to be %d '
/Users/vaquez/.pyenv/versions/3.10.12/lib/python3.10/multiprocessing/resource_tracker.py:224: UserWarning: resource_tracker: There appear to be 1 leaked semaphore objects to clean up at shutdown
  warnings.warn('resource_tracker: There appear to be %d '
